
> 4kmedia-next@0.1.0 build
> next build

Γû▓ Next.js 16.1.6 (Turbopack)

  Creating an optimized production build ...
node.exe : 
CssSyntaxError: C:\User
s\ravul\Downloads\4kmed
ia-next\src\app\globals
.css:2:62201: Missed 
semicolon
At line:1 char:1
+ & "C:\Program 
Files\nodejs/node.exe" 
"C:\Program 
Files\nodejs/node_mo 
...
+ ~~~~~~~~~~~~~~~~~~~~~
~~~~~~~~~~~~~~~~~~~~~~~
~~~~~~~~~~~~~~~~~~~~~~~
~~
    + CategoryInfo     
         : NotSpecifi  
  ed: (CssSyntaxErro   
 r:...issed semicol    
on:String) [], Rem    
oteException
    + FullyQualifiedEr 
   rorId : NativeComm  
  andError
 
    [2mat Input.error 
(node_modules/postcss/l
ib/input.js:135:16) [C:
\Users\ravul\Downloads\
4kmedia-next\.next\buil
d\chunks\node_modules_f
e693df6._.js:4651:22][
0m
    [2mat Parser.check
MissedSemicolon (node_m
odules/postcss/lib/pars
er.js:138:22) [C:\Users
\ravul\Downloads\4kmedi
a-next\.next\build\chun
ks\node_modules_fe693df
6._.js:5431:26][0m
    [2mat Parser.decl 
(node_modules/postcss/l
ib/parser.js:296:12) [C
:\Users\ravul\Downloads
\4kmedia-next\.next\bui
ld\chunks\node_modules_
fe693df6._.js:5564:18]
[0m
    [2mat 
Parser.other (node_modu
les/postcss/lib/parser.
js:435:12) [C:\Users\ra
vul\Downloads\4kmedia-n
ext\.next\build\chunks\
node_modules_fe693df6._
.js:5687:18][0m
    [2mat 
Parser.parse (node_modu
les/postcss/lib/parser.
js:472:16) [C:\Users\ra
vul\Downloads\4kmedia-n
ext\.next\build\chunks\
node_modules_fe693df6._
.js:5716:26][0m
    [2mat 
Function.parse (node_mo
dules/postcss/lib/parse
.js:11:12) [C:\Users\ra
vul\Downloads\4kmedia-n
ext\.next\build\chunks\
node_modules_fe693df6._
.js:5853:16][0m
    [2m[at 
Object.Once (C:\Users\r
avul\Downloads\4kmedia-
next\node_modules\@tail
windcss\postcss\dist\in
dex.js:10:6195)][0m
    [2mat async 
LazyResult.runAsync (no
de_modules/postcss/lib/
lazy-result.js:293:11) 
[C:\Users\ravul\Downloa
ds\4kmedia-next\.next\b
uild\chunks\node_module
s_fe693df6._.js:6206:21
][0m
    [2mat async 
transform (turbopack://
/[turbopack-node]/trans
forms/postcss.ts:70:34)
 [C:\Users\ravul\Downlo
ads\4kmedia-next\.next\
build\chunks\[root-of-t
he-server]__51225daf._.
js:146:36][0m
    [2mat async run (t
urbopack:///[turbopack-
node]/ipc/evaluate.ts:9
2:23) [C:\Users\ravul\D
ownloads\4kmedia-next\.
next\build\chunks\[root
-of-the-server]__974941
ed._.js:443:31][0m {
  reason: 'Missed 
semicolon',
  file: 'C:\\Users\\rav
ul\\Downloads\\4kmedia-
next\\src\\app\\globals
.css',
  source: '/*! 
tailwindcss v4.2.1 | 
MIT License | https://t
ailwindcss.com */\n' +
    '@layer 
properties{@supports ((
(-webkit-hyphens:none))
 and (not 
(margin-trim:inline))) 
or 
((-moz-orient:inline) 
and (not 
(color:rgb(from red r 
g b)))){*,:before,:afte
r,::backdrop{--tw-trans
late-x:0;--tw-translate
-y:0;--tw-translate-z:0
;--tw-scale-x:1;--tw-sc
ale-y:1;--tw-scale-z:1;
--tw-rotate-x:initial;-
-tw-rotate-y:initial;--
tw-rotate-z:initial;--t
w-skew-x:initial;--tw-s
kew-y:initial;--tw-spac
e-y-reverse:0;--tw-bord
er-style:solid;--tw-gra
dient-position:initial;
--tw-gradient-from:#000
0;--tw-gradient-via:#00
00;--tw-gradient-to:#00
00;--tw-gradient-stops:
initial;--tw-gradient-v
ia-stops:initial;--tw-g
radient-from-position:0
%;--tw-gradient-via-pos
ition:50%;--tw-gradient
-to-position:100%;--tw-
leading:initial;--tw-fo
nt-weight:initial;--tw-
tracking:initial;--tw-s
hadow:0 0 #0000;--tw-sh
adow-color:initial;--tw
-shadow-alpha:100%;--tw
-inset-shadow:0 0 #0000
;--tw-inset-shadow-colo
r:initial;--tw-inset-sh
adow-alpha:100%;--tw-ri
ng-color:initial;--tw-r
ing-shadow:0 0 #0000;--
tw-inset-ring-color:ini
tial;--tw-inset-ring-sh
adow:0 0 #0000;--tw-rin
g-inset:initial;--tw-ri
ng-offset-width:0px;--t
w-ring-offset-color:#ff
f;--tw-ring-offset-shad
ow:0 0 #0000;--tw-outli
ne-style:solid;--tw-blu
r:initial;--tw-brightne
ss:initial;--tw-contras
t:initial;--tw-grayscal
e:initial;--tw-hue-rota
te:initial;--tw-invert:
initial;--tw-opacity:in
itial;--tw-saturate:ini
tial;--tw-sepia:initial
;--tw-drop-shadow:initi
al;--tw-drop-shadow-col
or:initial;--tw-drop-sh
adow-alpha:100%;--tw-dr
op-shadow-size:initial;
--tw-backdrop-blur:init
ial;--tw-backdrop-brigh
tness:initial;--tw-back
drop-contrast:initial;-
-tw-backdrop-grayscale:
initial;--tw-backdrop-h
ue-rotate:initial;--tw-
backdrop-invert:initial
;--tw-backdrop-opacity:
initial;--tw-backdrop-s
aturate:initial;--tw-ba
ckdrop-sepia:initial;--
tw-duration:initial;--t
w-ease:initial}}}@layer
 theme{:root,:host{--fo
nt-sans:var(--font-geis
t-sans);--font-mono:var
(--font-geist-mono);--c
olor-red-100:oklch(93.6
% .032 17.717);--color-
red-200:oklch(88.5% 
.062 18.334);--color-re
d-300:oklch(80.8% .114 
19.571);--color-red-400
:oklch(70.4% .191 22.21
6);--color-red-500:oklc
h(63.7% .237 25.331);--
color-red-600:oklch(57.
7% .245 27.325);--color
-red-700:oklch(50.5% 
.213 27.518);--color-re
d-800:oklch(44.4% .177 
26.899);--color-red-900
:oklch(39.6% .141 25.72
3);--color-amber-100:ok
lch(96.2% .059 95.617);
--color-amber-200:oklch
(92.4% .12 95.746);--co
lor-amber-300:oklch(87.
9% .169 91.605);--color
-amber-400:oklch(82.8% 
.189 84.429);--color-am
ber-500:oklch(76.9% 
.188 70.08);--color-amb
er-600:oklch(66.6% 
.179 58.318);--color-am
ber-700:oklch(55.5% 
.163 48.998);--color-am
ber-800:oklch(47.3% 
.137 46.201);--color-am
ber-900:oklch(41.4% 
.112 45.904);--color-ye
llow-300:oklch(90.5% 
.182 98.111);--color-ye
llow-400:oklch(85.2% 
.199 91.936);--color-ye
llow-900:oklch(42.1% 
.095 57.708);--color-gr
een-100:oklch(96.2% 
.044 156.743);--color-g
reen-200:oklch(92.5% 
.084 155.995);--color-g
reen-300:oklch(87.1% 
.15 154.449);--color-gr
een-400:oklch(79.2% 
.209 151.711);--color-g
reen-500:oklch(72.3% 
.219 149.579);--color-g
reen-600:oklch(62.7% 
.194 149.214);--color-g
reen-700:oklch(52.7% 
.154 150.069);--color-g
reen-800:oklch(44.8% 
.119 151.328);--color-g
reen-900:oklch(39.3% 
.095 152.535);--color-b
lue-100:oklch(93.2% 
.032 255.585);--color-b
lue-200:oklch(88.2% 
.059 254.128);--color-b
lue-300:oklch(80.9% 
.105 251.813);--color-b
lue-400:oklch(70.7% 
.165 254.624);--color-b
lue-500:oklch(62.3% 
.214 259.815);--color-b
lue-600:oklch(54.6% 
.245 262.881);--color-b
lue-700:oklch(48.8% 
.243 264.376);--color-b
lue-800:oklch(42.4% 
.199 265.638);--color-b
lue-900:oklch(37.9% 
.146 265.522);--color-g
ray-100:oklch(96.7% 
.003 264.542);--color-g
ray-200:oklch(92.8% 
.006 264.531);--color-g
ray-300:oklch(87.2% 
.01 258.338);--color-gr
ay-400:oklch(70.7% 
.022 261.325);--color-g
ray-500:oklch(55.1% 
.027 264.364);--color-g
ray-600:oklch(44.6% 
.03 256.802);--color-gr
ay-700:oklch(37.3% 
.034 259.733);--color-g
ray-800:oklch(27.8% 
.033 256.848);--color-g
ray-900:oklch(21% .034 
264.665);--color-black:
#000;--color-white:#fff
;--spacing:.25rem;--con
tainer-xs:20rem;--conta
iner-md:28rem;--contain
er-2xl:42rem;--containe
r-3xl:48rem;--container
-4xl:56rem;--container-
5xl:64rem;--container-6
xl:72rem;--container-7x
l:80rem;--text-xs:.75re
m;--text-xs--line-heigh
t:calc(1 / .75);--text-
sm:.875rem;--text-sm--l
ine-height:calc(1.25 / 
.875);--text-base:1rem;
--text-base--line-heigh
t:calc(1.5 / 1);--text-
lg:1.125rem;--text-lg--
line-height:calc(1.75 
/ 1.125);--text-xl:1.25
rem;--text-xl--line-hei
ght:calc(1.75 / 1.25);-
-text-2xl:1.5rem;--text
-2xl--line-height:calc(
2 / 1.5);--text-3xl:1.8
75rem;--text-3xl--line-
height:calc(2.25 / 1.87
5);--text-4xl:2.25rem;-
-text-4xl--line-height:
calc(2.5 / 2.25);--text
-5xl:3rem;--text-5xl--l
ine-height:1;--text-6xl
:3.75rem;--text-6xl--li
ne-height:1;--text-7xl:
4.5rem;--text-7xl--line
-height:1;--font-weight
-light:300;--font-weigh
t-medium:500;--font-wei
ght-semibold:600;--font
-weight-bold:700;--font
-weight-extrabold:800;-
-tracking-tighter:-.05e
m;--tracking-tight:-.02
5em;--tracking-wide:.02
5em;--tracking-wider:.0
5em;--leading-tight:1.2
5;--leading-relaxed:1.6
25;--radius-md:.375rem;
--radius-lg:.5rem;--rad
ius-xl:.75rem;--radius-
2xl:1rem;--radius-3xl:1
.5rem;--shadow-sm:0 
1px 3px 0 #0000001a, 0 
1px 2px -1px #0000001a;
--shadow-md:0 4px 6px 
-1px #0000001a, 0 2px 
4px -2px #0000001a;--sh
adow-lg:0 10px 15px 
-3px #0000001a, 0 4px 
6px -4px #0000001a;--sh
adow-xl:0 20px 25px 
-5px #0000001a, 0 8px 
10px -6px #0000001a;--s
hadow-2xl:0 25px 50px 
-12px #00000040;--ease-
in:cubic-bezier(.4, 0, 
1, 1);--ease-out:cubic-
bezier(0, 0, .2, 1);--e
ase-in-out:cubic-bezier
(.4, 0, .2, 
1);--animate-spin:spin 
1s linear infinite;--an
imate-pulse:pulse 2s 
cubic-bezier(.4, 0, 
.6, 1) infinite;--blur-
sm:8px;--blur-md:12px;-
-blur-lg:16px;--blur-xl
:24px;--blur-3xl:64px;-
-default-transition-dur
ation:.15s;--default-tr
ansition-timing-functio
n:cubic-bezier(.4, 0, 
.2, 1);--default-font-f
amily:var(--font-geist-
sans);--default-mono-fo
nt-family:var(--font-ge
ist-mono);--color-brand
:#f7e839;--color-ink:#1
1181f}}@layer base{*,:a
fter,:before,::backdrop
{box-sizing:border-box;
border:0 solid;margin:0
;padding:0}::file-selec
tor-button{box-sizing:b
order-box;border:0 soli
d;margin:0;padding:0}ht
ml,:host{-webkit-text-s
ize-adjust:100%;tab-siz
e:4;line-height:1.5;fon
t-family:var(--default-
font-family,ui-sans-ser
if, system-ui, 
sans-serif, "Apple 
Color Emoji", "Segoe 
UI Emoji", "Segoe UI 
Symbol", "Noto Color Em
oji");font-feature-sett
ings:var(--default-font
-feature-settings,norma
l);font-variation-setti
ngs:var(--default-font-
variation-settings,norm
al);-webkit-tap-highlig
ht-color:transparent}hr
{height:0;color:inherit
;border-top-width:1px}a
bbr:where([title]){-web
kit-text-decoration:und
erline dotted;text-deco
ration:underline dotted
}h1,h2,h3,h4,h5,h6{font
-size:inherit;font-weig
ht:inherit}a{color:inhe
rit;-webkit-text-decora
tion:inherit;-webkit-te
xt-decoration:inherit;-
webkit-text-decoration:
inherit;text-decoration
:inherit}b,strong{font-
weight:bolder}code,kbd,
samp,pre{font-family:va
r(--default-mono-font-f
amily,ui-monospace, 
SFMono-Regular, Menlo, 
Monaco, Consolas, 
"Liberation Mono", 
"Courier New", monospac
e);font-feature-setting
s:var(--default-mono-fo
nt-feature-settings,nor
mal);font-variation-set
tings:var(--default-mon
o-font-variation-settin
gs,normal);font-size:1e
m}small{font-size:80%}s
ub,sup{vertical-align:b
aseline;font-size:75%;l
ine-height:0;position:r
elative}sub{bottom:-.25
em}sup{top:-.5em}table{
text-indent:0;border-co
lor:inherit;border-coll
apse:collapse}:-moz-foc
usring{outline:auto}pro
gress{vertical-align:ba
seline}summary{display:
list-item}ol,ul,menu{li
st-style:none}img,svg,v
ideo,canvas,audio,ifram
e,embed,object{vertical
-align:middle;display:b
lock}img,video{max-widt
h:100%;height:auto}butt
on,input,select,optgrou
p,textarea{font:inherit
;font-feature-settings:
inherit;font-variation-
settings:inherit;letter
-spacing:inherit;color:
inherit;opacity:1;backg
round-color:#0000;borde
r-radius:0}::file-selec
tor-button{font:inherit
;font-feature-settings:
inherit;font-variation-
settings:inherit;letter
-spacing:inherit;color:
inherit;opacity:1;backg
round-color:#0000;borde
r-radius:0}:where(selec
t:is([multiple],[size])
) optgroup{font-weight:
bolder}:where(select:is
([multiple],[size])) 
optgroup option{padding
-inline-start:20px}::fi
le-selector-button{marg
in-inline-end:4px}::pla
ceholder{opacity:1}@sup
ports (not ((-webkit-ap
pearance:-apple-pay-but
ton))) or (contain-intr
insic-size:1px){::place
holder{color:currentCol
or}@supports 
(color:color-mix(in 
lab, red, red)){::place
holder{color:color-mix(
in oklab, currentcolor 
50%, transparent)}}}tex
tarea{resize:vertical}:
:-webkit-search-decorat
ion{-webkit-appearance:
none}::-webkit-date-and
-time-value{min-height:
1lh;text-align:inherit}
::-webkit-datetime-edit
{display:inline-flex}::
-webkit-datetime-edit-f
ields-wrapper{padding:0
}::-webkit-datetime-edi
t{padding-block:0}::-we
bkit-datetime-edit-year
-field{padding-block:0}
::-webkit-datetime-edit
-month-field{padding-bl
ock:0}::-webkit-datetim
e-edit-day-field{paddin
g-block:0}::-webkit-dat
etime-edit-hour-field{p
adding-block:0}::-webki
t-datetime-edit-minute-
field{padding-block:0}:
:-webkit-datetime-edit-
second-field{padding-bl
ock:0}::-webkit-datetim
e-edit-millisecond-fiel
d{padding-block:0}::-we
bkit-datetime-edit-meri
diem-field{padding-bloc
k:0}::-webkit-calendar-
picker-indicator{line-h
eight:1}:-moz-ui-invali
d{box-shadow:none}butto
n,input:where([type=but
ton],[type=reset],[type
=submit]){appearance:bu
tton}::file-selector-bu
tton{appearance:button}
::-webkit-inner-spin-bu
tton{height:auto}::-web
kit-outer-spin-button{h
eight:auto}[hidden]:whe
re(:not([hidden=until-f
ound])){display:none!im
portant}}@layer 
components;@layer utili
ties{.pointer-events-au
to{pointer-events:auto}
.pointer-events-none{po
inter-events:none}.coll
apse{visibility:collaps
e}.invisible{visibility
:hidden}.visible{visibi
lity:visible}.absolute{
position:absolute}.fixe
d{position:fixed}.relat
ive{position:relative}.
static{position:static}
.sticky{position:sticky
}.-inset-2{inset:calc(v
ar(--spacing) * -2)}.-i
nset-\\[6px\\]{inset:-6
px}.-inset-\\[14px'... 
69351 more characters,
  line: 2,
  column: 62201,
  input: {
    column: 62201,
    endColumn: 
undefined,
    endLine: undefined,
    endOffset: 
undefined,
    line: 2,
    offset: 62266,
    source: '/*! 
tailwindcss v4.2.1 | 
MIT License | https://t
ailwindcss.com */\n' +
      '@layer 
properties{@supports ((
(-webkit-hyphens:none))
 and (not 
(margin-trim:inline))) 
or 
((-moz-orient:inline) 
and (not 
(color:rgb(from red r 
g b)))){*,:before,:afte
r,::backdrop{--tw-trans
late-x:0;--tw-translate
-y:0;--tw-translate-z:0
;--tw-scale-x:1;--tw-sc
ale-y:1;--tw-scale-z:1;
--tw-rotate-x:initial;-
-tw-rotate-y:initial;--
tw-rotate-z:initial;--t
w-skew-x:initial;--tw-s
kew-y:initial;--tw-spac
e-y-reverse:0;--tw-bord
er-style:solid;--tw-gra
dient-position:initial;
--tw-gradient-from:#000
0;--tw-gradient-via:#00
00;--tw-gradient-to:#00
00;--tw-gradient-stops:
initial;--tw-gradient-v
ia-stops:initial;--tw-g
radient-from-position:0
%;--tw-gradient-via-pos
ition:50%;--tw-gradient
-to-position:100%;--tw-
leading:initial;--tw-fo
nt-weight:initial;--tw-
tracking:initial;--tw-s
hadow:0 0 #0000;--tw-sh
adow-color:initial;--tw
-shadow-alpha:100%;--tw
-inset-shadow:0 0 #0000
;--tw-inset-shadow-colo
r:initial;--tw-inset-sh
adow-alpha:100%;--tw-ri
ng-color:initial;--tw-r
ing-shadow:0 0 #0000;--
tw-inset-ring-color:ini
tial;--tw-inset-ring-sh
adow:0 0 #0000;--tw-rin
g-inset:initial;--tw-ri
ng-offset-width:0px;--t
w-ring-offset-color:#ff
f;--tw-ring-offset-shad
ow:0 0 #0000;--tw-outli
ne-style:solid;--tw-blu
r:initial;--tw-brightne
ss:initial;--tw-contras
t:initial;--tw-grayscal
e:initial;--tw-hue-rota
te:initial;--tw-invert:
initial;--tw-opacity:in
itial;--tw-saturate:ini
tial;--tw-sepia:initial
;--tw-drop-shadow:initi
al;--tw-drop-shadow-col
or:initial;--tw-drop-sh
adow-alpha:100%;--tw-dr
op-shadow-size:initial;
--tw-backdrop-blur:init
ial;--tw-backdrop-brigh
tness:initial;--tw-back
drop-contrast:initial;-
-tw-backdrop-grayscale:
initial;--tw-backdrop-h
ue-rotate:initial;--tw-
backdrop-invert:initial
;--tw-backdrop-opacity:
initial;--tw-backdrop-s
aturate:initial;--tw-ba
ckdrop-sepia:initial;--
tw-duration:initial;--t
w-ease:initial}}}@layer
 theme{:root,:host{--fo
nt-sans:var(--font-geis
t-sans);--font-mono:var
(--font-geist-mono);--c
olor-red-100:oklch(93.6
% .032 17.717);--color-
red-200:oklch(88.5% 
.062 18.334);--color-re
d-300:oklch(80.8% .114 
19.571);--color-red-400
:oklch(70.4% .191 22.21
6);--color-red-500:oklc
h(63.7% .237 25.331);--
color-red-600:oklch(57.
7% .245 27.325);--color
-red-700:oklch(50.5% 
.213 27.518);--color-re
d-800:oklch(44.4% .177 
26.899);--color-red-900
:oklch(39.6% .141 25.72
3);--color-amber-100:ok
lch(96.2% .059 95.617);
--color-amber-200:oklch
(92.4% .12 95.746);--co
lor-amber-300:oklch(87.
9% .169 91.605);--color
-amber-400:oklch(82.8% 
.189 84.429);--color-am
ber-500:oklch(76.9% 
.188 70.08);--color-amb
er-600:oklch(66.6% 
.179 58.318);--color-am
ber-700:oklch(55.5% 
.163 48.998);--color-am
ber-800:oklch(47.3% 
.137 46.201);--color-am
ber-900:oklch(41.4% 
.112 45.904);--color-ye
llow-300:oklch(90.5% 
.182 98.111);--color-ye
llow-400:oklch(85.2% 
.199 91.936);--color-ye
llow-900:oklch(42.1% 
.095 57.708);--color-gr
een-100:oklch(96.2% 
.044 156.743);--color-g
reen-200:oklch(92.5% 
.084 155.995);--color-g
reen-300:oklch(87.1% 
.15 154.449);--color-gr
een-400:oklch(79.2% 
.209 151.711);--color-g
reen-500:oklch(72.3% 
.219 149.579);--color-g
reen-600:oklch(62.7% 
.194 149.214);--color-g
reen-700:oklch(52.7% 
.154 150.069);--color-g
reen-800:oklch(44.8% 
.119 151.328);--color-g
reen-900:oklch(39.3% 
.095 152.535);--color-b
lue-100:oklch(93.2% 
.032 255.585);--color-b
lue-200:oklch(88.2% 
.059 254.128);--color-b
lue-300:oklch(80.9% 
.105 251.813);--color-b
lue-400:oklch(70.7% 
.165 254.624);--color-b
lue-500:oklch(62.3% 
.214 259.815);--color-b
lue-600:oklch(54.6% 
.245 262.881);--color-b
lue-700:oklch(48.8% 
.243 264.376);--color-b
lue-800:oklch(42.4% 
.199 265.638);--color-b
lue-900:oklch(37.9% 
.146 265.522);--color-g
ray-100:oklch(96.7% 
.003 264.542);--color-g
ray-200:oklch(92.8% 
.006 264.531);--color-g
ray-300:oklch(87.2% 
.01 258.338);--color-gr
ay-400:oklch(70.7% 
.022 261.325);--color-g
ray-500:oklch(55.1% 
.027 264.364);--color-g
ray-600:oklch(44.6% 
.03 256.802);--color-gr
ay-700:oklch(37.3% 
.034 259.733);--color-g
ray-800:oklch(27.8% 
.033 256.848);--color-g
ray-900:oklch(21% .034 
264.665);--color-black:
#000;--color-white:#fff
;--spacing:.25rem;--con
tainer-xs:20rem;--conta
iner-md:28rem;--contain
er-2xl:42rem;--containe
r-3xl:48rem;--container
-4xl:56rem;--container-
5xl:64rem;--container-6
xl:72rem;--container-7x
l:80rem;--text-xs:.75re
m;--text-xs--line-heigh
t:calc(1 / .75);--text-
sm:.875rem;--text-sm--l
ine-height:calc(1.25 / 
.875);--text-base:1rem;
--text-base--line-heigh
t:calc(1.5 / 1);--text-
lg:1.125rem;--text-lg--
line-height:calc(1.75 
/ 1.125);--text-xl:1.25
rem;--text-xl--line-hei
ght:calc(1.75 / 1.25);-
-text-2xl:1.5rem;--text
-2xl--line-height:calc(
2 / 1.5);--text-3xl:1.8
75rem;--text-3xl--line-
height:calc(2.25 / 1.87
5);--text-4xl:2.25rem;-
-text-4xl--line-height:
calc(2.5 / 2.25);--text
-5xl:3rem;--text-5xl--l
ine-height:1;--text-6xl
:3.75rem;--text-6xl--li
ne-height:1;--text-7xl:
4.5rem;--text-7xl--line
-height:1;--font-weight
-light:300;--font-weigh
t-medium:500;--font-wei
ght-semibold:600;--font
-weight-bold:700;--font
-weight-extrabold:800;-
-tracking-tighter:-.05e
m;--tracking-tight:-.02
5em;--tracking-wide:.02
5em;--tracking-wider:.0
5em;--leading-tight:1.2
5;--leading-relaxed:1.6
25;--radius-md:.375rem;
--radius-lg:.5rem;--rad
ius-xl:.75rem;--radius-
2xl:1rem;--radius-3xl:1
.5rem;--shadow-sm:0 
1px 3px 0 #0000001a, 0 
1px 2px -1px #0000001a;
--shadow-md:0 4px 6px 
-1px #0000001a, 0 2px 
4px -2px #0000001a;--sh
adow-lg:0 10px 15px 
-3px #0000001a, 0 4px 
6px -4px #0000001a;--sh
adow-xl:0 20px 25px 
-5px #0000001a, 0 8px 
10px -6px #0000001a;--s
hadow-2xl:0 25px 50px 
-12px #00000040;--ease-
in:cubic-bezier(.4, 0, 
1, 1);--ease-out:cubic-
bezier(0, 0, .2, 1);--e
ase-in-out:cubic-bezier
(.4, 0, .2, 
1);--animate-spin:spin 
1s linear infinite;--an
imate-pulse:pulse 2s 
cubic-bezier(.4, 0, 
.6, 1) infinite;--blur-
sm:8px;--blur-md:12px;-
-blur-lg:16px;--blur-xl
:24px;--blur-3xl:64px;-
-default-transition-dur
ation:.15s;--default-tr
ansition-timing-functio
n:cubic-bezier(.4, 0, 
.2, 1);--default-font-f
amily:var(--font-geist-
sans);--default-mono-fo
nt-family:var(--font-ge
ist-mono);--color-brand
:#f7e839;--color-ink:#1
1181f}}@layer base{*,:a
fter,:before,::backdrop
{box-sizing:border-box;
border:0 solid;margin:0
;padding:0}::file-selec
tor-button{box-sizing:b
order-box;border:0 soli
d;margin:0;padding:0}ht
ml,:host{-webkit-text-s
ize-adjust:100%;tab-siz
e:4;line-height:1.5;fon
t-family:var(--default-
font-family,ui-sans-ser
if, system-ui, 
sans-serif, "Apple 
Color Emoji", "Segoe 
UI Emoji", "Segoe UI 
Symbol", "Noto Color Em
oji");font-feature-sett
ings:var(--default-font
-feature-settings,norma
l);font-variation-setti
ngs:var(--default-font-
variation-settings,norm
al);-webkit-tap-highlig
ht-color:transparent}hr
{height:0;color:inherit
;border-top-width:1px}a
bbr:where([title]){-web
kit-text-decoration:und
erline dotted;text-deco
ration:underline dotted
}h1,h2,h3,h4,h5,h6{font
-size:inherit;font-weig
ht:inherit}a{color:inhe
rit;-webkit-text-decora
tion:inherit;-webkit-te
xt-decoration:inherit;-
webkit-text-decoration:
inherit;text-decoration
:inherit}b,strong{font-
weight:bolder}code,kbd,
samp,pre{font-family:va
r(--default-mono-font-f
amily,ui-monospace, 
SFMono-Regular, Menlo, 
Monaco, Consolas, 
"Liberation Mono", 
"Courier New", monospac
e);font-feature-setting
s:var(--default-mono-fo
nt-feature-settings,nor
mal);font-variation-set
tings:var(--default-mon
o-font-variation-settin
gs,normal);font-size:1e
m}small{font-size:80%}s
ub,sup{vertical-align:b
aseline;font-size:75%;l
ine-height:0;position:r
elative}sub{bottom:-.25
em}sup{top:-.5em}table{
text-indent:0;border-co
lor:inherit;border-coll
apse:collapse}:-moz-foc
usring{outline:auto}pro
gress{vertical-align:ba
seline}summary{display:
list-item}ol,ul,menu{li
st-style:none}img,svg,v
ideo,canvas,audio,ifram
e,embed,object{vertical
-align:middle;display:b
lock}img,video{max-widt
h:100%;height:auto}butt
on,input,select,optgrou
p,textarea{font:inherit
;font-feature-settings:
inherit;font-variation-
settings:inherit;letter
-spacing:inherit;color:
inherit;opacity:1;backg
round-color:#0000;borde
r-radius:0}::file-selec
tor-button{font:inherit
;font-feature-settings:
inherit;font-variation-
settings:inherit;letter
-spacing:inherit;color:
inherit;opacity:1;backg
round-color:#0000;borde
r-radius:0}:where(selec
t:is([multiple],[size])
) optgroup{font-weight:
bolder}:where(select:is
([multiple],[size])) 
optgroup option{padding
-inline-start:20px}::fi
le-selector-button{marg
in-inline-end:4px}::pla
ceholder{opacity:1}@sup
ports (not ((-webkit-ap
pearance:-apple-pay-but
ton))) or (contain-intr
insic-size:1px){::place
holder{color:currentCol
or}@supports 
(color:color-mix(in 
lab, red, red)){::place
holder{color:color-mix(
in oklab, currentcolor 
50%, transparent)}}}tex
tarea{resize:vertical}:
:-webkit-search-decorat
ion{-webkit-appearance:
none}::-webkit-date-and
-time-value{min-height:
1lh;text-align:inherit}
::-webkit-datetime-edit
{display:inline-flex}::
-webkit-datetime-edit-f
ields-wrapper{padding:0
}::-webkit-datetime-edi
t{padding-block:0}::-we
bkit-datetime-edit-year
-field{padding-block:0}
::-webkit-datetime-edit
-month-field{padding-bl
ock:0}::-webkit-datetim
e-edit-day-field{paddin
g-block:0}::-webkit-dat
etime-edit-hour-field{p
adding-block:0}::-webki
t-datetime-edit-minute-
field{padding-block:0}:
:-webkit-datetime-edit-
second-field{padding-bl
ock:0}::-webkit-datetim
e-edit-millisecond-fiel
d{padding-block:0}::-we
bkit-datetime-edit-meri
diem-field{padding-bloc
k:0}::-webkit-calendar-
picker-indicator{line-h
eight:1}:-moz-ui-invali
d{box-shadow:none}butto
n,input:where([type=but
ton],[type=reset],[type
=submit]){appearance:bu
tton}::file-selector-bu
tton{appearance:button}
::-webkit-inner-spin-bu
tton{height:auto}::-web
kit-outer-spin-button{h
eight:auto}[hidden]:whe
re(:not([hidden=until-f
ound])){display:none!im
portant}}@layer 
components;@layer utili
ties{.pointer-events-au
to{pointer-events:auto}
.pointer-events-none{po
inter-events:none}.coll
apse{visibility:collaps
e}.invisible{visibility
:hidden}.visible{visibi
lity:visible}.absolute{
position:absolute}.fixe
d{position:fixed}.relat
ive{position:relative}.
static{position:static}
.sticky{position:sticky
}.-inset-2{inset:calc(v
ar(--spacing) * -2)}.-i
nset-\\[6px\\]{inset:-6
px}.-inset-\\[14px'... 
69351 more characters,
    url: 'file:///C:/Us
ers/ravul/Downloads/4km
edia-next/src/app/globa
ls.css',
    file: 'C:\\Users\\r
avul\\Downloads\\4kmedi
a-next\\src\\app\\globa
ls.css'
  }
}

> Build error occurred
Error: Turbopack build 
failed with 1 errors:
./src/app/globals.css
Error evaluating 
Node.js code
CssSyntaxError: 
tailwindcss: C:\Users\r
avul\Downloads\4kmedia-
next\src\app\globals.cs
s:1:1: C:\Users\ravul\D
ownloads\4kmedia-next\s
rc\app\globals.css:2:62
201: Missed semicolon
    at Input.error (nod
e_modules/postcss/lib/i
nput.js:135:16) [C:\Use
rs\ravul\Downloads\4kme
dia-next\.next\build\ch
unks\node_modules_fe693
df6._.js:4651:22]
    at Root.error (node
_modules/postcss/lib/no
de.js:146:32) [C:\Users
\ravul\Downloads\4kmedi
a-next\.next\build\chun
ks\node_modules_fe693df
6._.js:928:38]
    [at Object.Once (C:
\Users\ravul\Downloads\
4kmedia-next\node_modul
es\@tailwindcss\postcss
\dist\index.js:10:6913)
]
    at async 
LazyResult.runAsync (no
de_modules/postcss/lib/
lazy-result.js:293:11) 
[C:\Users\ravul\Downloa
ds\4kmedia-next\.next\b
uild\chunks\node_module
s_fe693df6._.js:6206:21
]
    at async transform 
(turbopack:///[turbopac
k-node]/transforms/post
css.ts:70:34) [C:\Users
\ravul\Downloads\4kmedi
a-next\.next\build\chun
ks\[root-of-the-server]
__51225daf._.js:146:36]
    at async run (turbo
pack:///[turbopack-node
]/ipc/evaluate.ts:92:23
) [C:\Users\ravul\Downl
oads\4kmedia-next\.next
\build\chunks\[root-of-
the-server]__974941ed._
.js:443:31]

Import trace:
  Client Component 
Browser:
    
./src/app/globals.css 
[Client Component 
Browser]
    
./src/app/layout.tsx 
[Server Component]


    at async transform 
(turbopack:///[turbopac
k-node]/transforms/post
css.ts:70:34) [C:\Users
\ravul\Downloads\4kmedi
a-next\.next\build\chun
ks\[root-of-the-server]
__51225daf._.js:146:36]
)
    at async run (turbo
pack:///[turbopack-node
]/ipc/evaluate.ts:92:23
) [C:\Users\ravul\Downl
oads\4kmedia-next\.next
\build\chunks\[root-of-
the-server]__974941ed._
.js:443:31])
